# Bake Begins!
### (1 of 6) Copy sources
$ cp -a /home/travis/build/fontdirectory/alfaslabone/METADATA.json /home/travis/build/fontdirectory/alfaslabone/builds/build
$ cp -a /home/travis/build/fontdirectory/alfaslabone/DESCRIPTION.en_us.html /home/travis/build/fontdirectory/alfaslabone/builds/build
$ cp -a /home/travis/build/fontdirectory/alfaslabone/FONTLOG.txt /home/travis/build/fontdirectory/alfaslabone/builds/build
$ cp -a AlfaSlabOne-Regular.ttf.ttx src/AlfaSlabOne-Regular-OTF.otf.ttx AlfaSlabOne-Regular.ttf._p_r_e_p.ttx AlfaSlabOne-Regular.ttf._p_o_s_t.ttx AlfaSlabOne-Regular.ttf._n_a_m_e.ttx AlfaSlabOne-Regular.ttf._m_a_x_p.ttx AlfaSlabOne-Regular.ttf._l_o_c_a.ttx AlfaSlabOne-Regular.ttf._h_m_t_x.ttx AlfaSlabOne-Regular.ttf._h_h_e_a.ttx AlfaSlabOne-Regular.ttf._h_e_a_d.ttx AlfaSlabOne-Regular.ttf._g_l_y_f.ttx AlfaSlabOne-Regular.ttf._g_a_s_p.ttx AlfaSlabOne-Regular.ttf._f_p_g_m.ttx AlfaSlabOne-Regular.ttf._c_v_t.ttx AlfaSlabOne-Regular.ttf._c_m_a_p.ttx AlfaSlabOne-Regular.ttf.V_D_M_X_.ttx AlfaSlabOne-Regular.ttf.O_S_2f_2.ttx AlfaSlabOne-Regular.ttf.GlyphOrder.ttx AlfaSlabOne-Regular.ttf.G_P_O_S_.ttx src/AlfaSlabOne-Regular-OTF.otf._p_o_s_t.ttx src/AlfaSlabOne-Regular-OTF.otf._n_a_m_e.ttx src/AlfaSlabOne-Regular-OTF.otf._m_a_x_p.ttx src/AlfaSlabOne-Regular-OTF.otf._h_m_t_x.ttx src/AlfaSlabOne-Regular-OTF.otf._h_h_e_a.ttx src/AlfaSlabOne-Regular-OTF.otf._h_e_a_d.ttx src/AlfaSlabOne-Regular-OTF.otf._c_m_a_p.ttx src/AlfaSlabOne-Regular-OTF.otf.O_S_2f_2.ttx src/AlfaSlabOne-Regular-OTF.otf.GlyphOrder.ttx src/AlfaSlabOne-Regular-OTF.otf.G_P_O_S_.ttx src/AlfaSlabOne-Regular-OTF.otf.C_F_F_.ttx /home/travis/build/fontdirectory/alfaslabone/builds/build/sources
### (2 of 6) pyfontaine
### (3 of 6) Run upstream tests
$ fontbakery-check.py upstream-repo sources
$ fontaine --collections subsets --text /home/travis/build/fontdirectory/alfaslabone/builds/build/sources/AlfaSlabOne-Regular-OTF.otf.ttx /home/travis/build/fontdirectory/alfaslabone/builds/build/sources/AlfaSlabOne-Regular.ttf.ttx > fontaine.txt
WARNING: Please install [PyICU](https://pypi.python.org/pypi/PyICU) toenable [feature], perhaps with: pip install pyicu
bakery_lint.tests.upstream.test_prepolation.FontTestPrepolation.test_font_prepolation_glyph_contours(): OK
end of pyfontaine process
bakery_lint.tests.upstream.test_prepolation.FontTestPrepolation.test_font_prepolation_glyph_points(): OK
bakery_lint.tests.upstream.test_prepolation.FontTestPrepolation.test_font_test_prepolation_glyph_names(): OK
bakery_lint.tests.upstream.test_diacritic.TestDiacritic.test_diacritic_made_as_component(): OK
bakery_lint.tests.upstream.test_diacritic.TestDiacritic.test_diacritic_made_as_mark_to_mark(): OK
bakery_lint.tests.upstream.test_diacritic.TestDiacritic.test_diacritic_made_as_own_glyphs(): OK
bakery_lint.tests.upstream.test_check_upstream_sources.ProjectUpstreamTestCase.test_bakery_yaml_exists(): OK
bakery_lint.tests.upstream.test_check_upstream_sources.ProjectUpstreamTestCase.test_copyright_notices_same_across_family(): OK
bakery_lint.tests.upstream.test_check_upstream_sources.ProjectUpstreamTestCase.test_description_html_exists(): OK
bakery_lint.tests.upstream.test_check_upstream_sources.ProjectUpstreamTestCase.test_fontlog_txt_exists(): OK
bakery_lint.tests.upstream.test_check_upstream_sources.ProjectUpstreamTestCase.test_metadata_json_exists(): OK
$ fontbakery-check.py upstream-ttx AlfaSlabOne-Regular-OTF.otf.ttx
bakery_lint.tests.upstream.test_glyphname_does_not_contain_disallowed_chars.TestGlyphNameDoesNotContainsDisallowedChars.test_glyphname_does_not_contain_disallowed_chars(): FAIL
bakery_lint.tests.upstream.test_font_filename_eq_familystyle.TestTTFSourceFontFileNameEqualsFamilyStyle.test_source_ttf_font_filename_equals_familystyle(): FAIL
$ mv /home/travis/build/fontdirectory/alfaslabone/builds/build/sources/AlfaSlabOne-Regular-OTF.otf.ttx /home/travis/build/fontdirectory/alfaslabone/builds/build/sources/AlfaSlabOne-Regular.ttx
bakery_lint.tests.upstream.test_font_filename_eq_familystyle.TestTTFSourceFontFileNameEqualsFamilyStyle.test_source_ttf_font_filename_equals_familystyle(): OK
bakery_lint.tests.upstream.test_check_ttx_requirements.SourceTTXTest.test_epar_in_keys(): FAIL
bakery_lint.tests.upstream.test_check_ttx_requirements.SourceTTXTest.test_os2_in_keys(): OK
bakery_lint.tests.upstream.test_check_ttx_requirements.SourceTTXTest.test_ttx_doesnt_contain_duplicate_glyphs(): OK
bakery_lint.tests.upstream.test_check_ttx_fontfamily_recommendations.TTX_FontFamilyNamingTest.test_ttx_family_naming_recommendation(): OK
$ fontbakery-check.py upstream-ttx AlfaSlabOne-Regular.ttf.ttx
bakery_lint.tests.upstream.test_glyphname_does_not_contain_disallowed_chars.TestGlyphNameDoesNotContainsDisallowedChars.test_glyphname_does_not_contain_disallowed_chars(): FAIL
bakery_lint.tests.upstream.test_font_filename_eq_familystyle.TestTTFSourceFontFileNameEqualsFamilyStyle.test_source_ttf_font_filename_equals_familystyle(): FAIL
$ mv /home/travis/build/fontdirectory/alfaslabone/builds/build/sources/AlfaSlabOne-Regular.ttf.ttx /home/travis/build/fontdirectory/alfaslabone/builds/build/sources/AlfaSlabOne-Regular.ttx
bakery_lint.tests.upstream.test_font_filename_eq_familystyle.TestTTFSourceFontFileNameEqualsFamilyStyle.test_source_ttf_font_filename_equals_familystyle(): OK
bakery_lint.tests.upstream.test_check_ttx_requirements.SourceTTXTest.test_epar_in_keys(): FAIL
bakery_lint.tests.upstream.test_check_ttx_requirements.SourceTTXTest.test_os2_in_keys(): OK
bakery_lint.tests.upstream.test_check_ttx_requirements.SourceTTXTest.test_ttx_doesnt_contain_duplicate_glyphs(): OK
bakery_lint.tests.upstream.test_check_ttx_fontfamily_recommendations.TTX_FontFamilyNamingTest.test_ttx_family_naming_recommendation(): OK
### (4 of 6) Convert sources to TTF
$ ttx -d /home/travis/build/fontdirectory/alfaslabone/builds/build /home/travis/build/fontdirectory/alfaslabone/builds/build/sources/AlfaSlabOne-Regular.ttx
Compiling "/home/travis/build/fontdirectory/alfaslabone/builds/build/sources/AlfaSlabOne-Regular.ttx" to "/home/travis/build/fontdirectory/alfaslabone/builds/build/AlfaSlabOne-Regular.ttf"...
Parsing 'GlyphOrder' table...
Parsing 'head' table...
Parsing 'hhea' table...
Parsing 'maxp' table...
Parsing 'OS/2' table...
Parsing 'hmtx' table...
Parsing 'VDMX' table...
Parsing 'cmap' table...
Parsing 'fpgm' table...
Parsing 'prep' table...
Parsing 'cvt ' table...
Parsing 'loca' table...
Parsing 'glyf' table...
Parsing 'name' table...
Parsing 'post' table...
Parsing 'gasp' table...
Parsing 'GPOS' table...
### Test AlfaSlabOne-Regular.ttf
$ fontbakery-check.py result AlfaSlabOne-Regular.ttf
bakery_lint.tests.downstream.test_names_are_ascii_only.CheckNamesAreASCIIOnly.test_check_names_are_ascii_only(): OK
bakery_lint.tests.downstream.test_gpos_table_has_kerning_info.CheckGposTableHasKerningInfo.test_gpos_table_has_kerning_info(): OK
bakery_lint.tests.downstream.test_gasp_table_value.CheckGaspTableType.test_check_gasp_table_type(): OK
$ fontbakery-fix-gasp.py --set=15 /home/travis/build/fontdirectory/alfaslabone/builds/build/AlfaSlabOne-Regular.ttf
$ mv /home/travis/build/fontdirectory/alfaslabone/builds/build/AlfaSlabOne-Regular.ttf.fix /home/travis/build/fontdirectory/alfaslabone/builds/build/AlfaSlabOne-Regular.ttf
The following table(s) in the font have been ignored by FontForge
  Ignoring 'VDMX' vertical device metrics table
bakery_lint.tests.downstream.test_fontforge_validation_state.FontForgeValidateStateTest.test_allowed_numbers_paths_in_composite_glyphs(): OK
bakery_lint.tests.downstream.test_fontforge_validation_state.FontForgeValidateStateTest.test_allowed_numbers_paths_in_glyphs(): OK
bakery_lint.tests.downstream.test_fontforge_validation_state.FontForgeValidateStateTest.test_allowed_numbers_points_in_composite_glyphs(): OK
bakery_lint.tests.downstream.test_fontforge_validation_state.FontForgeValidateStateTest.test_allowed_numbers_points_in_glyphs(): OK
bakery_lint.tests.downstream.test_fontforge_validation_state.FontForgeValidateStateTest.test_duplicate_glyphs(): OK
bakery_lint.tests.downstream.test_fontforge_validation_state.FontForgeValidateStateTest.test_duplicate_unicode_codepoints(): OK
bakery_lint.tests.downstream.test_fontforge_validation_state.FontForgeValidateStateTest.test_flipped_reference_in_glyphs(): OK
bakery_lint.tests.downstream.test_fontforge_validation_state.FontForgeValidateStateTest.test_missing_anchors(): OK
bakery_lint.tests.downstream.test_fontforge_validation_state.FontForgeValidateStateTest.test_missing_extrema_in_glyphs(): OK
bakery_lint.tests.downstream.test_fontforge_validation_state.FontForgeValidateStateTest.test_overlapped_hints(): OK
bakery_lint.tests.downstream.test_fontforge_validation_state.FontForgeValidateStateTest.test_points_are_integer_aligned(): OK
bakery_lint.tests.downstream.test_fontforge_validation_state.FontForgeValidateStateTest.test_points_are_not_too_far_apart(): OK
bakery_lint.tests.downstream.test_fontforge_validation_state.FontForgeValidateStateTest.test_postscript_hasnt_limit_hints_in_glyphs(): OK
bakery_lint.tests.downstream.test_fontforge_validation_state.FontForgeValidateStateTest.test_postscript_hasnt_limit_points_in_glyphs(): OK
bakery_lint.tests.downstream.test_fontforge_validation_state.FontForgeValidateStateTest.test_referenced_glyphs_are_present(): OK
bakery_lint.tests.downstream.test_fontforge_validation_state.FontForgeValidateStateTest.test_valid_glyph_names(): OK
bakery_lint.tests.downstream.test_fontforge_validation_state.FontForgeValidateStateTest.test_valid_length_instructions(): OK
bakery_lint.tests.downstream.test_fontforge_validation_state.FontForgeValidateStateTest.test_validation_glyph_intersect(): OK
bakery_lint.tests.downstream.test_fontforge_validation_state.FontForgeValidateStateTest.test_validation_open_contours(): OK
bakery_lint.tests.downstream.test_fontforge_validation_state.FontForgeValidateStateTest.test_wrong_direction_in_glyphs(): OK
bakery_lint.tests.downstream.test_check_vertical_metrics.CheckVerticalLinegapMetrics.test_metrics_linegaps_are_zero(): OK
bakery_lint.tests.downstream.test_check_vertical_metrics.CheckVerticalAscentMetrics.test_metrics_ascents_equal_bbox(): OK
bakery_lint.tests.downstream.test_check_vertical_metrics.CheckVerticalDescentMetrics.test_metrics_descents_equal_bbox(): OK
bakery_lint.tests.downstream.test_check_upm_heights_less_120.TestCheckUPMHeightsLess120.test_check_upm_heigths_less_120(): FAIL
bakery_lint.tests.downstream.test_check_unused_glyph_data.CheckUnusedGlyphData.test_check_unused_glyph_data(): ERROR
bakery_lint.tests.downstream.test_check_unencoded_glyph.TestFontUnencodedGlyph.test_font_unencoded_glyphs(): FAIL
$ fontbakery-fix-glyph-private-encoding.py --autofix /home/travis/build/fontdirectory/alfaslabone/builds/build/AlfaSlabOne-Regular.ttf
$ mv /home/travis/build/fontdirectory/alfaslabone/builds/build/AlfaSlabOne-Regular.ttf.fix /home/travis/build/fontdirectory/alfaslabone/builds/build/AlfaSlabOne-Regular.ttf
bakery_lint.tests.downstream.test_check_unencoded_glyph.TestFontUnencodedGlyph.test_font_unencoded_glyphs(): FAIL
bakery_lint.tests.downstream.test_check_panose_identification.CheckPanoseIdentification.test_check_panose_identification(): OK
bakery_lint.tests.downstream.test_check_os2_width_class.CheckOS2WidthClass.test_check_os2_width_class(): OK
bakery_lint.tests.downstream.test_check_no_problematic_formats.CheckNoProblematicFormats.test_check_no_problematic_formats(): OK
bakery_lint.tests.downstream.test_check_nbsp_width_matches_sp_width.CheckNbspWidthMatchesSpWidth.test_check_nbsp_width_matches_sp_width(): FAIL
$ fontbakery-fix-nbsp.py /home/travis/build/fontdirectory/alfaslabone/builds/build/AlfaSlabOne-Regular.ttf
$ mv /home/travis/build/fontdirectory/alfaslabone/builds/build/AlfaSlabOne-Regular.ttf.fix /home/travis/build/fontdirectory/alfaslabone/builds/build/AlfaSlabOne-Regular.ttf
bakery_lint.tests.downstream.test_check_nbsp_width_matches_sp_width.CheckNbspWidthMatchesSpWidth.test_check_nbsp_width_matches_sp_width(): FAIL
bakery_lint.tests.downstream.test_check_names_same_across_platforms.CheckNamesSameAcrossPlatforms.test_check_names_same_across_platforms(): OK
bakery_lint.tests.downstream.test_check_name_table_recommendation.CheckStyleNameRecommendation.test_check_stylename_is_under_recommendations(): OK
bakery_lint.tests.downstream.test_check_name_table_recommendation.CheckOTFamilyNameRecommendation.test_check_opentype_familyname(): FAIL
$ fontbakery-fix-opentype-names.py /home/travis/build/fontdirectory/alfaslabone/builds/build/AlfaSlabOne-Regular.ttf
$ mv /home/travis/build/fontdirectory/alfaslabone/builds/build/AlfaSlabOne-Regular.ttf.fix /home/travis/build/fontdirectory/alfaslabone/builds/build/AlfaSlabOne-Regular.ttf
bakery_lint.tests.downstream.test_check_name_table_recommendation.CheckOTFamilyNameRecommendation.test_check_opentype_familyname(): OK
bakery_lint.tests.downstream.test_check_name_table_recommendation.CheckOTStyleNameRecommendation.test_check_opentype_stylename(): OK
bakery_lint.tests.downstream.test_check_name_table_recommendation.CheckOTFullNameRecommendation.test_check_opentype_fullname(): OK
bakery_lint.tests.downstream.test_check_magic_prep_code.CheckMagicPREPByteCode.test_prep_magic_code(): FAIL
bakery_lint.tests.downstream.test_check_license_included.CheckLicenseIncluded.test_license_included_in_font_names(): OK
bakery_lint.tests.downstream.test_check_italic_angle_agreement.CheckItalicAngleAgreement.test_check_italic_angle_agreement(): OK
bakery_lint.tests.downstream.test_check_hmtx_hhea_max_advance_width_agreement.CheckHmtxHheaMaxAdvanceWidthAgreement.test_check_hmtx_hhea_max_advance_width_agreement(): OK
bakery_lint.tests.downstream.test_check_glyph_existence.CheckGlyphExistence.test_euro(): OK
bakery_lint.tests.downstream.test_check_glyph_existence.CheckGlyphExistence.test_nbsp(): OK
bakery_lint.tests.downstream.test_check_glyph_existence.CheckGlyphExistence.test_space(): OK
bakery_lint.tests.downstream.test_check_glyf_table_length.CheckGlyfTableLength.test_check_glyf_table_length(): FAIL
bakery_lint.tests.downstream.test_check_full_font_name_begins_with_family_name.CheckFullFontNameBeginsWithFamilyName.test_check_full_font_name_begins_with_family_name(): OK
bakery_lint.tests.downstream.test_check_fontname_matches_macstyle.CheckFontNameEqualToMacStyleFlags.test_fontname_is_equal_to_macstyle(): FAIL
bakery_lint.tests.downstream.test_check_font_tables.CheckFontHasDsigTable.test_check_font_has_dsig_table(): FAIL
$ fontbakery-fix-dsig.py /home/travis/build/fontdirectory/alfaslabone/builds/build/AlfaSlabOne-Regular.ttf
$ mv /home/travis/build/fontdirectory/alfaslabone/builds/build/AlfaSlabOne-Regular.ttf.fix /home/travis/build/fontdirectory/alfaslabone/builds/build/AlfaSlabOne-Regular.ttf
bakery_lint.tests.downstream.test_check_font_tables.CheckFontHasDsigTable.test_check_font_has_dsig_table(): OK
bakery_lint.tests.downstream.test_check_font_tables.CheckFontHasNotKernTable.test_no_kern_table_exists(): OK
bakery_lint.tests.downstream.test_check_font_agreements.CheckFsTypeIsNotSet.test_is_fstype_not_set(): OK
$ fontbakery-fix-fstype.py --autofix /home/travis/build/fontdirectory/alfaslabone/builds/build/AlfaSlabOne-Regular.ttf
$ mv /home/travis/build/fontdirectory/alfaslabone/builds/build/AlfaSlabOne-Regular.ttf.fix /home/travis/build/fontdirectory/alfaslabone/builds/build/AlfaSlabOne-Regular.ttf
bakery_lint.tests.downstream.test_check_font_agreements.CheckFontAgreements.test_em_is_1000(): OK
bakery_lint.tests.downstream.test_check_font_agreements.CheckFontAgreements.test_font_is_font(): OK
bakery_lint.tests.downstream.test_check_font_agreements.CheckFontAgreements.test_latin_file_exists(): FAIL
bakery_lint.tests.downstream.test_check_font_agreements.CheckFontAgreements.test_menu_file_exists(): FAIL
### Optimize TTF AlfaSlabOne-Regular.ttf
$ ls -l 'AlfaSlabOne-Regular.ttf'* # look at the size savings of that subset process
AlfaSlabOne-Regular.ttf.opt: 36840 bytes
AlfaSlabOne-Regular.ttf: 39004 bytes
$ mv /home/travis/build/fontdirectory/alfaslabone/builds/build/AlfaSlabOne-Regular.ttf.opt /home/travis/build/fontdirectory/alfaslabone/builds/build/AlfaSlabOne-Regular.ttf
### Autohint TTFs (ttfautohint) AlfaSlabOne-Regular.ttf
$ ttfautohint -l 7 -r 28 -G 50 -x 13 -w "G" /home/travis/build/fontdirectory/alfaslabone/builds/build/AlfaSlabOne-Regular.ttf '/home/travis/build/fontdirectory/alfaslabone/builds/build/AlfaSlabOne-Regular.autohint.ttf'

$ ls -l /home/travis/build/fontdirectory/alfaslabone/builds/build/AlfaSlabOne-Regular.*ttf # look at the size savings of that subset process
/home/travis/build/fontdirectory/alfaslabone/builds/build/AlfaSlabOne-Regular.ttf: 36840 bytes
/home/travis/build/fontdirectory/alfaslabone/builds/build/AlfaSlabOne-Regular.autohint.ttf: 41068 bytes
$ mv /home/travis/build/fontdirectory/alfaslabone/builds/build/AlfaSlabOne-Regular.autohint.ttf /home/travis/build/fontdirectory/alfaslabone/builds/build/AlfaSlabOne-Regular.ttf
### Subset TTFs (pyftsubset) AlfaSlabOne-Regular.ttf
$ pyftsubset AlfaSlabOne-Regular.latin
$ pyftsubset AlfaSlabOne-Regular.menu
strippedname:/home/travis/build/fontdirectory/alfaslabone/builds/build/AlfaSlabOne-Regular.ttf
spaceWidth is    300
nbspWidth is     300
Nothing to do
### (5 of 6) Generate METADATA.json (fontbakery-build-metadata.py)
$ fontbakery-build-metadata.py /home/travis/build/fontdirectory/alfaslabone/builds/build
{} exists
Designer's name from font is: JM Sole
Original size: 41068\nGzip size: 22198
Family Name: Alfa Slab One
PS Name: AlfaSlabOne-Regular
Full Name: Alfa Slab One
Style: normal
Weight: 400
Filename: AlfaSlabOne-Regular.ttf
Copyright: Copyright (c) 2011 JM Sole (info@jmsole.cl), with Reserved Font Name "Alfa Slab One"
Error: 
ERROR: BUILD FAILED
